[    0.000000] Linux version 4.15.0-43-generic (buildd@lgw01-amd64-001) (gcc version 7.3.0 (Ubuntu 7.3.0-16ubuntu3)) #46-Ubuntu SMP Thu Dec 6 14:45:28 UTC 2018 (Ubuntu 4.15.0-43.46-generic 4.15.18)
[    0.000000] Command line: BOOT_IMAGE=/boot/vmlinuz-4.15.0-43-generic root=LABEL=cloudimg-rootfs ro console=tty1 console=ttyS0
[    0.000000] KERNEL supported cpus:
[    0.000000]   Intel GenuineIntel
[    0.000000]   AMD AuthenticAMD
[    0.000000]   Centaur CentaurHauls
[    0.000000] x86/fpu: Supporting XSAVE feature 0x001: 'x87 floating point registers'
[    0.000000] x86/fpu: Supporting XSAVE feature 0x002: 'SSE registers'
[    0.000000] x86/fpu: Supporting XSAVE feature 0x004: 'AVX registers'
[    0.000000] x86/fpu: xstate_offset[2]:  576, xstate_sizes[2]:  256
[    0.000000] x86/fpu: Enabled xstate features 0x7, context size is 832 bytes, using 'standard' format.
[    0.000000] e820: BIOS-provided physical RAM map:
[    0.000000] BIOS-e820: [mem 0x0000000000000000-0x000000000009fbff] usable
[    0.000000] BIOS-e820: [mem 0x000000000009fc00-0x000000000009ffff] reserved
[    0.000000] BIOS-e820: [mem 0x00000000000f0000-0x00000000000fffff] reserved
[    0.000000] BIOS-e820: [mem 0x0000000000100000-0x000000003ffeffff] usable
[    0.000000] BIOS-e820: [mem 0x000000003fff0000-0x000000003fffffff] ACPI data
[    0.000000] BIOS-e820: [mem 0x00000000fec00000-0x00000000fec00fff] reserved
[    0.000000] BIOS-e820: [mem 0x00000000fee00000-0x00000000fee00fff] reserved
[    0.000000] BIOS-e820: [mem 0x00000000fffc0000-0x00000000ffffffff] reserved
[    0.000000] NX (Execute Disable) protection: active
[    0.000000] SMBIOS 2.5 present.
[    0.000000] DMI: innotek GmbH VirtualBox/VirtualBox, BIOS VirtualBox 12/01/2006
[    0.000000] Hypervisor detected: KVM
[    0.000000] e820: last_pfn = 0x3fff0 max_arch_pfn = 0x400000000
[    0.000000] MTRR: Disabled
[    0.000000] x86/PAT: MTRRs disabled, skipping PAT initialization too.
[    0.000000] CPU MTRRs all blank - virtualized system.
[    0.000000] x86/PAT: Configuration [0-7]: WB  WT  UC- UC  WB  WT  UC- UC  
[    0.000000] found SMP MP-table at [mem 0x0009fff0-0x0009ffff] mapped at [        (ptrval)]
[    0.000000] Scanning 1 areas for low memory corruption
[    0.000000] RAMDISK: [mem 0x35adf000-0x36d66fff]
[    0.000000] ACPI: Early table checksum verification disabled
[    0.000000] ACPI: RSDP 0x00000000000E0000 000024 (v02 VBOX  )
[    0.000000] ACPI: XSDT 0x000000003FFF0030 00003C (v01 VBOX   VBOXXSDT 00000001 ASL  00000061)
[    0.000000] ACPI: FACP 0x000000003FFF00F0 0000F4 (v04 VBOX   VBOXFACP 00000001 ASL  00000061)
[    0.000000] ACPI: DSDT 0x000000003FFF0470 0021FF (v02 VBOX   VBOXBIOS 00000002 INTL 20160930)
[    0.000000] ACPI: FACS 0x000000003FFF0200 000040
[    0.000000] ACPI: FACS 0x000000003FFF0200 000040
[    0.000000] ACPI: APIC 0x000000003FFF0240 00005C (v02 VBOX   VBOXAPIC 00000001 ASL  00000061)
[    0.000000] ACPI: SSDT 0x000000003FFF02A0 0001CC (v01 VBOX   VBOXCPUT 00000002 INTL 20160930)
[    0.000000] No NUMA configuration found
[    0.000000] Faking a node at [mem 0x0000000000000000-0x000000003ffeffff]
[    0.000000] NODE_DATA(0) allocated [mem 0x3ffc5000-0x3ffeffff]
[    0.000000] kvm-clock: cpu 0, msr 0:3ff44001, primary cpu clock
[    0.000000] kvm-clock: Using msrs 4b564d01 and 4b564d00
[    0.000000] kvm-clock: using sched offset of 3490650213 cycles
[    0.000000] clocksource: kvm-clock: mask: 0xffffffffffffffff max_cycles: 0x1cd42e4dffb, max_idle_ns: 881590591483 ns
[    0.000000] Zone ranges:
[    0.000000]   DMA      [mem 0x0000000000001000-0x0000000000ffffff]
[    0.000000]   DMA32    [mem 0x0000000001000000-0x000000003ffeffff]
[    0.000000]   Normal   empty
[    0.000000]   Device   empty
[    0.000000] Movable zone start for each node
[    0.000000] Early memory node ranges
[    0.000000]   node   0: [mem 0x0000000000001000-0x000000000009efff]
[    0.000000]   node   0: [mem 0x0000000000100000-0x000000003ffeffff]
[    0.000000] Initmem setup node 0 [mem 0x0000000000001000-0x000000003ffeffff]
[    0.000000] Reserved but unavailable: 98 pages
[    0.000000] ACPI: PM-Timer IO Port: 0x4008
[    0.000000] IOAPIC[0]: apic_id 2, version 32, address 0xfec00000, GSI 0-23
[    0.000000] ACPI: INT_SRC_OVR (bus 0 bus_irq 0 global_irq 2 dfl dfl)
[    0.000000] ACPI: INT_SRC_OVR (bus 0 bus_irq 9 global_irq 9 low level)
[    0.000000] Using ACPI (MADT) for SMP configuration information
[    0.000000] smpboot: Allowing 2 CPUs, 0 hotplug CPUs
[    0.000000] PM: Registered nosave memory: [mem 0x00000000-0x00000fff]
[    0.000000] PM: Registered nosave memory: [mem 0x0009f000-0x0009ffff]
[    0.000000] PM: Registered nosave memory: [mem 0x000a0000-0x000effff]
[    0.000000] PM: Registered nosave memory: [mem 0x000f0000-0x000fffff]
[    0.000000] e820: [mem 0x40000000-0xfebfffff] available for PCI devices
[    0.000000] Booting paravirtualized kernel on KVM
[    0.000000] clocksource: refined-jiffies: mask: 0xffffffff max_cycles: 0xffffffff, max_idle_ns: 7645519600211568 ns
[    0.000000] random: get_random_bytes called from start_kernel+0x99/0x4fd with crng_init=0
[    0.000000] setup_percpu: NR_CPUS:8192 nr_cpumask_bits:2 nr_cpu_ids:2 nr_node_ids:1
[    0.000000] percpu: Embedded 46 pages/cpu @        (ptrval) s151552 r8192 d28672 u1048576
[    0.000000] PV qspinlock hash table entries: 256 (order: 0, 4096 bytes)
[    0.000000] Built 1 zonelists, mobility grouping on.  Total pages: 257913
[    0.000000] Policy zone: DMA32
[    0.000000] Kernel command line: BOOT_IMAGE=/boot/vmlinuz-4.15.0-43-generic root=LABEL=cloudimg-rootfs ro console=tty1 console=ttyS0
[    0.000000] Memory: 983608K/1048120K available (12300K kernel code, 2472K rwdata, 4252K rodata, 2408K init, 2416K bss, 64512K reserved, 0K cma-reserved)
[    0.000000] SLUB: HWalign=64, Order=0-3, MinObjects=0, CPUs=2, Nodes=1
[    0.000000] Kernel/User page tables isolation: enabled
[    0.000000] ftrace: allocating 39186 entries in 154 pages
[    0.004000] Hierarchical RCU implementation.
[    0.004000] 	RCU restricting CPUs from NR_CPUS=8192 to nr_cpu_ids=2.
[    0.004000] 	Tasks RCU enabled.
[    0.004000] RCU: Adjusting geometry for rcu_fanout_leaf=16, nr_cpu_ids=2
[    0.004000] NR_IRQS: 524544, nr_irqs: 440, preallocated irqs: 16
[    0.004000] Console: colour VGA+ 80x25
[    0.004000] console [tty1] enabled
[    0.004000] console [ttyS0] enabled
[    0.004000] ACPI: Core revision 20170831
[    0.004000] ACPI: 2 ACPI AML tables successfully acquired and loaded
[    0.004000] APIC: Switch to symmetric I/O mode setup
[    0.004000] x2apic enabled
[    0.004000] Switched APIC routing to physical x2apic.
[    0.004000] ..TIMER: vector=0x30 apic1=0 pin1=2 apic2=-1 pin2=-1
[    0.004000] tsc: Detected 2807.986 MHz processor
[    0.004010] Calibrating delay loop (skipped) preset value.. 5615.97 BogoMIPS (lpj=11231944)
[    0.005015] pid_max: default: 32768 minimum: 301
[    0.005585] Security Framework initialized
[    0.006137] Yama: becoming mindful.
[    0.006600] AppArmor: AppArmor initialized
[    0.007607] Dentry cache hash table entries: 131072 (order: 8, 1048576 bytes)
[    0.008046] Inode-cache hash table entries: 65536 (order: 7, 524288 bytes)
[    0.008890] Mount-cache hash table entries: 2048 (order: 2, 16384 bytes)
[    0.009670] Mountpoint-cache hash table entries: 2048 (order: 2, 16384 bytes)
[    0.010707] mce: CPU supports 0 MCE banks
[   0.012053] Last level iTLB entries: 4KB 64, 2MB 8, 4MB 8
[    0.016005] Last level dTLB entries: 4KB 64, 2MB 0, 4MB 0, 1GB 4
[    0.016760] Spectre V2 : Mitigation: Full generic retpoline
[    0.020004] Spectre V2 : Spectre v2 / SpectreRSB mitigation: Filling RSB on context switch
[    0.021048] Speculative Store Bypass: Vulnerable
[    0.021683] Freeing SMP alternatives memory: 36K
[    0.028000] smpboot: CPU0: Intel(R) Core(TM) i7-7700HQ CPU @ 2.80GHz (family: 0x6, model: 0x9e, stepping: 0x9)
[    0.028098] Performance Events: unsupported p6 CPU model 158 no PMU driver, software events only.
[    0.029210] Hierarchical SRCU implementation.
[    0.032561] NMI watchdog: Perf event create on CPU 0 failed with -2
[    0.033279] NMI watchdog: Perf NMI watchdog permanently disabled
[    0.034053] smp: Bringing up secondary CPUs ...
[    0.034778] x86: Booting SMP configuration:
[    0.035317] .... node  #0, CPUs:      #1
[    0.004000] kvm-clock: cpu 1, msr 0:3ff44041, secondary cpu clock
[    0.004000] mce: CPU supports 0 MCE banks
[    0.039074] smp: Brought up 1 node, 2 CPUs
[    0.040014] smpboot: Max logical packages: 1
[    0.044006] smpboot: Total of 2 processors activated (11231.94 BogoMIPS)
[    0.048119] devtmpfs: initialized
[    0.048526] x86/mm: Memory block size: 128MB
[    0.052111] evm: security.selinux
[    0.052571] evm: security.SMACK64
[    0.052982] evm: security.SMACK64EXEC
[    0.053577] evm: security.SMACK64TRANSMUTE
[    0.056006] evm: security.SMACK64MMAP
[    0.060005] evm: security.apparmor
[    0.064004] evm: security.ima
[    0.068004] evm: security.capability
[    0.068498] clocksource: jiffies: mask: 0xffffffff max_cycles: 0xffffffff, max_idle_ns: 7645041785100000 ns
[    0.072035] futex hash table entries: 512 (order: 3, 32768 bytes)
[    0.076073] pinctrl core: initialized pinctrl subsystem
[    0.077310] RTC time: 15:35:07, date: 02/07/19
[    0.078199] NET: Registered protocol family 16
[    0.078998] audit: initializing netlink subsys (disabled)
[    0.080032] audit: type=2000 audit(1549553711.595:1): state=initialized audit_enabled=0 res=1
[    0.088018] cpuidle: using governor ladder
[    0.088709] cpuidle: using governor menu
[    0.089345] ACPI: bus type PCI registered
[    0.092003] acpiphp: ACPI Hot Plug PCI Controller Driver version: 0.5
[    0.093069] PCI: Using configuration type 1 for base access
[    0.093791] HugeTLB registered 2.00 MiB page size, pre-allocated 0 pages
[    0.096095] ACPI: Added _OSI(Module Device)
[    0.100015] ACPI: Added _OSI(Processor Device)
[    0.100713] ACPI: Added _OSI(3.0 _SCP Extensions)
[    0.104006] ACPI: Added _OSI(Processor Aggregator Device)
[    0.104779] ACPI: Added _OSI(Linux-Dell-Video)
[    0.105549] ACPI: Added _OSI(Linux-Lenovo-NV-HDMI-Audio)
[    0.108252] ACPI: Executed 1 blocks of module-level executable AML code
[    0.113926] ACPI: Interpreter enabled
[    0.116022] ACPI: (supports S0 S5)
[    0.120005] ACPI: Using IOAPIC for interrupt routing
[    0.124285] PCI: Using host bridge windows from ACPI; if necessary, use "pci=nocrs" and report a bug
[    0.128155] ACPI: Enabled 2 GPEs in block 00 to 07
[    0.136830] ACPI: PCI Root Bridge [PCI0] (domain 0000 [bus 00-ff])
[    0.140013] acpi PNP0A03:00: _OSC: OS supports [ASPM ClockPM Segments MSI]
[    0.140877] acpi PNP0A03:00: _OSC: not requesting OS control; OS requires [ExtendedConfig ASPM ClockPM MSI]
[    0.144012] acpi PNP0A03:00: fail to add MMCONFIG information, can't access extended PCI configuration space under this bridge.
[    0.145850] PCI host bridge to bus 0000:00
[    0.147543] pci_bus 0000:00: root bus resource [io  0x0000-0x0cf7 window]
[    0.148003] pci_bus 0000:00: root bus resource [io  0x0d00-0xffff window]
[    0.148807] pci_bus 0000:00: root bus resource [mem 0x000a0000-0x000bffff window]
[    0.149735] pci_bus 0000:00: root bus resource [mem 0x40000000-0xfdffffff window]
[    0.150683] pci_bus 0000:00: root bus resource [bus 00-ff]
[    0.153350] pci 0000:00:01.1: legacy IDE quirk: reg 0x10: [io  0x01f0-0x01f7]
[    0.154354] pci 0000:00:01.1: legacy IDE quirk: reg 0x14: [io  0x03f6]
[    0.156014] pci 0000:00:01.1: legacy IDE quirk: reg 0x18: [io  0x0170-0x0177]
[    0.156887] pci 0000:00:01.1: legacy IDE quirk: reg 0x1c: [io  0x0376]
[    0.172659] pci 0000:00:07.0: quirk: [io  0x4000-0x403f] claimed by PIIX4 ACPI
[    0.176024] pci 0000:00:07.0: quirk: [io  0x4100-0x410f] claimed by PIIX4 SMB
[    0.185212] ACPI: PCI Interrupt Link [LNKA] (IRQs 5 9 10 *11)
[    0.188328] ACPI: PCI Interrupt Link [LNKB] (IRQs 5 9 *10 11)
[    0.189514] ACPI: PCI Interrupt Link [LNKC] (IRQs 5 *9 10 11)
[    0.192113] ACPI: PCI Interrupt Link [LNKD] (IRQs 5 9 10 *11)
[    0.193465] SCSI subsystem initialized
[    0.194137] pci 0000:00:02.0: vgaarb: setting as boot VGA device
[    0.194137] pci 0000:00:02.0: vgaarb: VGA device added: decodes=io+mem,owns=io+mem,locks=none
[    0.196015] pci 0000:00:02.0: vgaarb: bridge control possible
[    0.196697] vgaarb: loaded
[    0.197094] ACPI: bus type USB registered
[    0.197611] usbcore: registered new interface driver usbfs
[    0.200035] usbcore: registered new interface driver hub
[    0.204035] usbcore: registered new device driver usb
[    0.208009] EDAC MC: Ver: 3.0.0
[    0.208687] PCI: Using ACPI for IRQ routing
[    0.208918] NetLabel: Initializing
[    0.209361] NetLabel:  domain hash size = 128
[    0.209948] NetLabel:  protocols = UNLABELED CIPSOv4 CALIPSO
[    0.210649] NetLabel:  unlabeled traffic allowed by default
[    0.212100] clocksource: Switched to clocksource kvm-clock
[    0.221202] VFS: Disk quotas dquot_6.6.0
[    0.236555] VFS: Dquot-cache hash table entries: 512 (order 0, 4096 bytes)
[    0.237454] AppArmor: AppArmor Filesystem Enabled
[    0.238035] pnp: PnP ACPI init
[    0.239242] pnp: PnP ACPI: found 3 devices
[  0.248539] clocksource: acpi_pm: mask: 0xffffff max_cycles: 0xffffff, max_idle_ns: 2085701024 ns
[    0.295475] NET: Registered protocol family 2

[    0.296676] TCP established hash table entries: 8192 (order: 4, 65536 bytes)
[    0.302918] TCP bind hash table entries: 8192 (order: 5, 131072 bytes)
[    0.303794] TCP: Hash tables configured (established 8192 bind 8192)
[    0.304684] UDP hash table entries: 512 (order: 2, 16384 bytes)
[    0.305448] UDP-Lite hash table entries: 512 (order: 2, 16384 bytes)
[    0.306372] NET: Registered protocol family 1
[    0.307028] pci 0000:00:00.0: Limiting direct PCI/PCI transfers
[    0.307904] pci 0000:00:01.0: Activating ISA DMA hang workarounds
[    0.308915] pci 000:0:00:id dice it shadowed ROM at [mem 0x000000-0x000dffff]
[    0.637857] Unpacking initramfs...

[    0.885943] Freeing initrd memory: 18976K
[    0.908758] platform rtc_cmos: registered platform RTC device (no PNP device found)
[    0.909782] Scanning for low memory corruption every 60 seconds
[    0.911140] Initialise system trusted keyrings
[    0.911719] Key type blacklist registered
[    0.912393] workingset: timestamp_bits=36 max_order=18 bucket_order=0
[    0.913942] zbud: loaded
[    0.914731] squashfs: version 4.0 (2009/01/31) Phillip Lougher
[    0.915629] fuse init (API version 7.26)
[    0.918417] Key type asymmetric registered
[    1.012292] Asymmetric key parser 'x509' registered
[    1.056581] Block layer SCSI generic (bsg) driver version 0.4 loaded (major 246)
[    1.058090] io scheduler noop registered
[    1.064205] io scheduler deadline registered
[    1.064940] io scheduler cfq registered (default)
[    1.066101] ACPI: AC Adapter [AC] (on-line)
[    1.066921] input: Power Button as /devices/LNXSYSTM:00/LNXPWRBN:00/input/input0
[    1.085134] ACPI: Power Button [PWRF]
[    1.085692] input: Sleep Button as /devices/LNXSYSTM:00/LNXSLPBN:00/input/input1
[    1.096480] ACPI: Sleep Button [SLPF]
[    1.097782] ACPI: Battery Slot [BAT0] (battery present)
[    1.098571] Serial: 8250/16550 driver, 32 ports, IRQ sharing enabled
[    1.120967] 00:02: ttyS0 at I/O 0x3f8 (irq = 4, base_baud = 115200) is a 16550A
[    1.123768] Linux agpgart interface v0.103
[    1.126092] loop: module loaded
[    1.177832] scsi host0: ata_piix
[    1.178650] scsi host1: ata_piix
[    1.179140] ata1: PATA max UDMA/33 cmd 0x1f0 ctl 0x3f6 bmdma 0xd000 irq 14
[    1.179934] ata2: PATA max UDMA/33 cmd 0x170 ctl 0x376 bmdma 0xd008 irq 15
[    1.180864] libphy: Fixed MDIO Bus: probed
[    1.181492] tun: Universal TUN/TAP device driver, 1.6
[    1.182207] PPP generic driver version 2.4.2
[    1.182817] ehci_hcd: USB 2.0 'Enhanced' Host Controller (EHCI) Driver
[    1.183616] ehci-pci: EHCI PCI platform driver
[    1.184261] ehci-platform: EHCI generic platform driver
[    1.184876] ohci_hcd: USB 1.1 'Open' Host Controller (OHCI) Driver
[    1.185993] ohci-pci: OHCI PCI platform driver
[    1.186639] ohci-platform: OHCI generic platform driver
[    1.187302] uhci_hcd: USB Universal Host Controller Interface driver
[    1.188088] i8042: PNP: PS/2 Controller [PNP0303:PS2K,PNP0f03:PS2M] at 0x60,0x64 irq 1,12
[    1.189533] serio: i8042 KBD port at 0x60,0x64 irq 1
[    1.195557] serio: i8042 AUX port at 0x60,0x64 irq 12
[    1.196372] mousedev: PS/2 mouse device common for all mice
[    1.197619] rtc_cmos rtc_cmos: rtc core: registered rtc_cmos as rtc0
[    1.198414] input: AT Translated Set 2 keyboard as /devices/platform/i8042/serio0/input/input2
[    1.199484] rtc_cmos rtc_cmos: alarms up to one day, 114 bytes nvram
[    1.200353] i2c /dev entries driver
[    1.200812] pcie_mp2_amd: AMD(R) PCI-E MP2 Communication Driver Version: 1.0
[    1.217005] device-mapper: uevent: version 1.0.3
[    1.260532] device-mapper: ioctl: 4.37.0-ioctl (2017-09-20) initialised: dm-devel@redhat.com
[    1.269786] ledtrig-cpu: registered to indicate activity on CPUs
[    1.279914] NET: Registered protocol family 10
[    1.284037] Segment Routing with IPv6
[    1.286500] NET: Registered protocol family 17
[    1.287188] Key type dns_resolver registered
[    1.287916] RAS: Correctable Errors collector initialized.
[    1.288626] sched_clock: Marking stable (1288609065, 0)->(2934368058, -1645758993)
[    1.290088] registered taskstats version 1
[    1.290641] Loading compiled-in X.509 certificates
[    1.293574] Loaded X.509 cert 'Build time autogenerated kernel key: 6afcca3ddc80072aeae87585a7fdb65d40603f58'
[    1.297271] zswap: loaded using pool lzo/zbud
[    1.301566] Key type big_key registered
[    1.304585] Key type trusted registered
[    1.306869] Key type encrypted registered
[    1.328654] AppArmor: AppArmor sha1 policy hashing enabled
[    1.329523] ima: No TPM chip found, activating TPM-bypass! (rc=-19)
[    1.330578] ima: Allocated hash algorithm: sha1
[    1.332482] evm: HMAC attrs: 0x1
[    1.333228]   Magic number: 7:121:588
[    1.333859] rtc_cmos rtc_cmos: setting system clock to 2019-02-07 15:35:09 UTC (1549553709)
[    1.335320] BIOS EDD facility v0.16 2004-Jun-25, 0 devices found
[    1.336226] EDD information not available.
[    1.342946] Freeing unused kernel memory: 2408K
[    1.356223] Write protecting the kernel read-only data: 20480k
[    1.357710] Freeing unused kernel memory: 2008K
[    1.366805] Freeing unused kernel memory: 1892K
[    1.372226] x86/mm: Checked W+X mappings: passed, no W+X pages found.
[    1.378471] x86/mm: Checking user space page tables
[    1.383637] x86/mm: Checked W+X mappings: passed, no W+X pages found.
Loading, please wait...
starting version 237
[    1.443322] e1000: Intel(R) PRO/1000 Network Driver - version 7.3.21-k8-NAPI
[    1.448097] e1000: Copyright (c) 1999-2006 Intel Corporation.
[    1.449678] Fusion MPT base driver 3.04.20
[    1.450357] Copyright (c) 1999-2008 LSI Corporation
[    1.454827] Fusion MPT SPI Host driver 3.04.20
[    1.468714] AVX2 version of gcm_enc/dec engaged.
[    1.469436] AES CTR mode by8 optimization enabled
[    1.657106] input: ImExPS/2 Generic Explorer Mouse as /devices/platform/i8042/serio1/input/input4
[    1.816662] e1000 0000:00:03.0 eth0: (PCI:33MHz:32-bit) 02:31:f2:45:01:70
[    1.846857] e1000 0000:00:03.0 eth0: Intel(R) PRO/1000 Network Connection
[    1.867712] mptbase: ioc0: Initiating bringup
[    1.868910] e1000 0000:00:03.0 enp0s3: renamed from eth0
[    1.916149] tsc: Refined TSC clocksource calibration: 2807.641 MHz
[    1.917184] clocksource: tsc: mask: 0xffffffffffffffff max_cycles: 0x287872ceaca, max_idle_ns: 440795226020 ns
[    1.964733] ioc0: LSI53C1030 A0: Capabilities={Initiator}
[    2.222899] scsi host2: ioc0: LSI53C1030 A0, FwRev=00000000h, Ports=1, MaxQ=256, IRQ=20
[    2.432554] scsi 2:0:0:0: Direct-Access     VBOX     HARDDISK         1.0  PQ: 0 ANSI: 5
[    2.472145] scsi target2:0:0: Beginning Domain Validation
[    2.489059] scsi target2:0:0: Domain Validation skipping write tests
[    2.490039] scsi target2:0:0: Ending Domain Validation
[    2.490824] scsi target2:0:0: asynchronous
[    2.491998] scsi 2:0:1:0: Direct-Access     VBOX     HARDDISK         1.0  PQ: 0 ANSI: 5
[    2.524095] scsi target2:0:1: Beginning Domain Validation
[    2.607592] random: fast init done
[    2.657727] scsi target2:0:1: Domain Validation skipping write tests
[    2.706755] scsi target2:0:1: Ending Domain Validation
[    2.707568] scsi target2:0:1: asynchronous
[    2.711454] random: systemd-udevd: uninitialized urandom read (16 bytes read)
[    2.713621] sd 2:0:0:0: Attached scsi generic sg0 type 0
[    2.713630] random: systemd-udevd: uninitialized urandom read (16 bytes read)
[    2.713633] random: systemd-udevd: uninitialized urandom read (16 bytes read)
[    2.713906] sd 2:0:0:0: [sda] 20971520 512-byte logical blocks: (10.7 GB/10.0 GiB)
[    2.713985] sd 2:0:0:0: [sda] Write Protect is off
[    2.714035] sd 2:0:0:0: [sda] Incomplete mode parameter data
[    2.714036] sd 2:0:0:0: [sda] Assuming drive cache: write through
[    2.715205]  sda: sda1
[    2.715479] sd 2:0:0:0: [sda] Attached SCSI disk
[    2.742463] sd 2:0:1:0: Attached scsi generic sg1 type 0
[    2.742592] sd 2:0:1:0: [sdb] 20480 512-byte logical blocks: (10.5 MB/10.0 MiB)
[    2.742635] sd 2:0:1:0: [sdb] Write Protect is off
[    2.742701] sd 2:0:1:0: [sdb] Incomplete mode parameter data
[    2.742703] sd 2:0:1:0: [sdb] Assuming drive cache: write through
[    2.744190] sd 2:0:1:0: [sdb] Attached SCSI disk
Begin: Loading essential drivers ... [    4.276023] raid6: sse2x1   gen() 12732 MB/s
[    4.364631] raid6: sse2x1   xor()  8615 MB/s
[    4.416016] raid6: sse2x2   gen() 15177 MB/s
[    4.504022] raid6: sse2x2   xor()  9472 MB/s
[    4.564653] raid6: sse2x4   gen() 16666 MB/s
[    4.624032] raid6: sse2x4   xor()  8446 MB/s
[    4.672499] raid6: avx2x1   gen() 22725 MB/s
[    4.735695] raid6: avx2x1   xor() 17592 MB/s
[    4.786161] raid6: avx2x2   gen() 27486 MB/s
[    4.836058] raid6: avx2x2   xor() 15045 MB/s
[    4.904433] raid6: avx2x4   gen() 31717 MB/s
[    4.966018] raid6: avx2x4   xor() 19077 MB/s
[    4.966633] raid6: using algorithm avx2x4 gen() 31717 MB/s
[    4.967324] raid6: .... xor() 19077 MB/s, rmw enabled
[    4.967930] raid6: using avx2x2 recovery algorithm
[    4.969822] xor: automatically using best checksumming function   avx       
[    4.972099] async_tx: api initialized (async)
done.
Begin: Running /scripts/init-premount ... done.
Begin: Mounting root file system ... Begin: Running /scripts/local-top ... done.
Begin: Running /scripts/local-premount ... [    5.028430] Btrfs loaded, crc32c=crc32c-intel
Scanning for Btrfs filesystems
done.
Warning: fsck no[    5.063159] EXT4-fs (sda1): mounted filesystem with ordered data mode. Opts: (null)
t present, so skipping root file system
done.
Begin: Running /scripts/local-bottom ... done.
Begin: Running /scripts/init-bottom ... done.
[    5.281198] ip_tables: (C) 2000-2006 Netfilter Core Team
[    5.383066] systemd[1]: systemd 237 running in system mode. (+PAM +AUDIT +SELINUX +IMA +APPARMOR +SMACK +SYSVINIT +UTMP +LIBCRYPTSETUP +GCRYPT +GNUTLS +ACL +XZ +LZ4 +SECCOMP +BLKID +ELFUTILS +KMOD -IDN2 +IDN -PCRE2 default-hierarchy=hybrid)
[    5.862814] systemd[1]: Detected virtualization oracle.
[    5.863933] systemd[1]: Detected architecture x86-64.

Welcome to [1mUbuntu 18.04.1 LTS[0m!

[    5.980866] systemd[1]: Set hostname to <ubuntu>.
[    6.018616] systemd[1]: Initializing machine ID from random generator.
[    6.046794] systemd[1]: Installed transient /etc/machine-id file.
[    6.244361] systemd[1]: Reached target Swap.
[[0;32m  OK  [0m] Reached target Swap.
[    6.867334] systemd[1]: Set up automount Arbitrary Executable File Formats File System Automount Point.
[[0;32m  OK  [0m] Set up automount Arbitrary Executabâ€¦rmats File System Automount Point.
[    6.870722] systemd[1]: Created slice System Slice.
[[0;32m  OK  [0m] Created slice System Slice.
[    6.871951] systemd[1]: Listening on Network Service Netlink Socket.
[[0;32m  OK  [0m] Listening on Network Service Netlink Socket.
[[0;32m  OK  [0m] Listening on Journal Socket.
[[0;32m  OK  [0m] Listening on /dev/initctl Compatibility Named Pipe.
         Starting Remount Root and Kernel File Systems...
         Mounting Kernel Debug File System...
         Starting Create list of required stâ€¦ce nodes for the current kernel..[    6.917868] EXT4-fs (sda1): re-mounted. Opts: (null)
.
[[0;32m  OK  [0m] Listening on udev Kernel Socket.
         Mounting Huge Pages File System...
[[0;32m  OK  [0m] Listening on Journal Audit Socket.
         Starting Load Kernel Modules...
         Starting Uncomplicated firewall...
         Starting Set the console keyboard layout...
[[0;32m  OK  [0m] Listening on Journal Socket (/dev/log).
[[0;32m  OK  [0m] Listening on LVM2 metadata daemon socket.
[[0;32m  OK  [0m] Listening on udev Control Socket.
         Starting udev Coldplug all Devices...
[[0;32m  OK  [0m] Created slice[    7.047397] Loading iSCSI transport class v2.0-870.
 system-serial\x2dgetty.slice.
         Mounting POSIX Message Queue File System...
[[0;32m  OK  [0m] Started Forwa[    7.090937] iscsi: registered transport (tcp)
rd Password Requests to Wall Directory Watch.
[[0;32m  OK  [0[    7.221568] iscsi: registered transport (iser)
m] Reached target User and Group Name Lookups.
[[0;32m  OK  [0m] Listening on LVM2 poll daemon socket.
[[0;32m  OK  [0m] Listening on Device-mapper event daemon FIFOs.
         Starting Monitoring of LVM2 mirrorsâ€¦ng dmeventd or progress polling...
[[0;32m  OK  [0m] Created slice User and Session Slice.
[[0;32m  OK  [0m] Reached target Slices.
[[0;32m  OK  [0m] Listening on Syslog Socket.
         Starting Journal Service...
[[0;32m  OK  [0m] Reached target System Time Synchronized.
[[0;32m  OK  [0m] Started Remount Root and Kernel File Systems.
[[0;32m  OK  [0m] Mounted Kernel Debug File System.
[[0;32m  OK  [0m] Started Create list of required staâ€¦vice nodes for the current kernel.
[[0;32m  OK  [0m] Mounted Huge Pages File System.
[[0;32m  OK  [0m] Started Load Kernel Modules.
[[0;32m  OK  [0m] Started Uncomplicated firewall.
[[0;32m  OK  [0m] Mounted POSIX Message Queue File System.
[[0;32m  OK  [0m] Started LVM2 metadata daemon.
         Starting Apply Kernel Variables...
         Mounting Kernel Configuration File System...
         Mounting FUSE Control File System...
         Starting Create Static Device Nodes in /dev...
         Starting Load/Save Random Seed...
         Starting Initial cloud-init job (pre-networking)...
[[0;32m  OK  [0m] Started Journal Service.
[[0;32m  OK  [0m] Started Set the console keyboard layout.
[[0;32m  OK  [0m] Started Monitoring of LVM2 mirrors,â€¦sing dmeventd or progress polling.
[[0;32m  OK  [0m] Started udev Coldplug all Devices.
[[0;32m  OK  [0m] Started Apply Kernel Variables.
[[0;32m  OK  [0m] Mounted Kernel Configuration File System.
[[0;32m  OK  [0m] Mounted FUSE Control File System.
[[0;32m  OK  [0m] Started Create Static Device Nodes in /dev.
[[0;32m  OK  [0m] Started Load/Save Random Seed.
         Starting udev Kernel Device Manager...
[[0;32m  OK  [0m] Reached target Local File Systems (Pre).
[[0;32m  OK  [0m] Reached target Local File Systems.
         Starting Commit a transient machine-id on disk...
         Starting AppArmor initialization...
         Starting Set console font and keymap...
         Starting ebtables ruleset management...
         Starting Tell Plymouth To Write Out Runtime Data...
         Starting Flush Journal to Persistent Storage...
[[0;32m  OK  [0m] Started udev Kernel Device Manager.
[[0;32m  OK  [0m] Started Set console font and keymap.
[[0;32m  OK  [0m] Started Tell Plymouth To Write Out Runtime Data.
[[0;32m  OK  [0m] Started Dispatch Password Requests to Console Directory Watch.
[[0;32m  OK  [0m] Reached target Local Encrypted Volumes.
[[0;32m  OK  [0m] Started Commit a transient machine-id on disk.
[[0;32m  OK  [0m] Started Flush Journal to Persistent Storage.
[[0;32m  OK  [0m] Started ebtables ruleset management.
[[0;32m  OK  [0m] Found device /dev/ttyS0.
[[0;32m  OK  [0m] Listening on Load/Save RF Kill Switch Status /dev/rfkill Watch.
         Starting Create Volatile Files and Directories...
[[0;32m  OK  [0m] Started Create Volatile Files and Directories.
         Starting Update UTMP about System Boot/Shutdown...
[[0;32m  OK  [0m] Started Update UTMP about System Boot/Shutdown.
[[0;32m  OK  [0m] Started AppArmor initialization.
[    8.863473] cloud-init[421]: Cloud-init v. 18.4-0ubuntu1~18.04.1 running 'init-local' at Thu, 07 Feb 2019 15:35:16 +0000. Up 8.52 seconds.
[[0;32m  OK  [0m] Started Initial cloud-init job (pre-networking).
[[0;32m  OK  [0m] Reached target Network (Pre).
         Starting Network Service...
[[0;32m  OK  [0m] Started Network Service.
         Starting Network Name Resolution...
         Starting Wait for Network to be Configured...
[[0;32m  OK  [0m] Started Network Name Resolution.
[[0;32m  OK  [0m] Reached target Host and Network Name Lookups.
[[0;32m  OK  [0m] Reached target Network.
[[0;32m  OK  [0m] Started Wait for Network to be Configured.
         Starting Initial cloud-init job (metadata service crawler)...
[   11.464645] cloud-init[622]: Cloud-init v. 18.4-0ubuntu1~18.04.1 running 'init' at Thu, 07 Feb 2019 15:35:19 +0000. Up 11.33 seconds.
[   11.468671] cloud-init[622]: ci-info: +++++++++++++++++++++++++++++++++++++Net device info++++++++++++++++++++++++++++++++++++++
[   11.470180] cloud-init[622]: ci-info: +--------+------+---------------------------+---------------+--------+-------------------+
[   11.480295] cloud-init[622]: ci-info: | Device |  Up  |          Address          |      Mask     | Scope  |     Hw-Address    |
[   11.508725] cloud-init[622]: ci-info: +--------+------+---------------------------+---------------+--------+-------------------+
[   11.512191] cloud-init[622]: ci-info: | enp0s3 | True |         10.0.2.15         | 255.255.255.0 | global | 02:31:f2:45:01:70 |
[   11.513514] cloud-init[622]: ci-info: | enp0s3 | True | fe80::31:f2ff:fe45:170/64 |       .       |  link  | 02:31:f2:45:01:70 |
[   11.514826] cloud-init[622]: ci-info: |   lo   | True |         127.0.0.1         |   255.0.0.0   |  host  |         .         |
[   11.516266] cloud-init[622]: ci-info: |   lo   | True |          ::1/128          |       .       |  host  |         .         |
[   11.517747] cloud-init[622]: ci-info: +--------+------+---------------------------+---------------+--------+-------------------+
[   11.519444] cloud-init[622]: ci-info: ++++++++++++++++++++++++++++Route IPv4 info+++++++++++++++++++++++++++++
[   11.520849] cloud-init[622]: ci-info: +-------+-------------+----------+-----------------+-----------+-------+
[   11.522378] cloud-init[622]: ci-info: | Route | Destination | Gateway  |     Genmask     | Interface | Flags |
[   11.536416] cloud-init[622]: ci-info: +-------+-------------+----------+-----------------+-----------+-------+
[   11.546302] cloud-init[622]: ci-info: |   0   |   0.0.0.0   | 10.0.2.2 |     0.0.0.0     |   enp0s3  |   UG  |
[   11.547463] cloud-init[622]: ci-info: |   1   |   10.0.2.0  | 0.0.0.0  |  255.255.255.0  |   enp0s3  |   U   |
[   11.548697] cloud-init[622]: ci-info: |   2   |   10.0.2.2  | 0.0.0.0  | 255.255.255.255 |   enp0s3  |   UH  |
[   11.549862] cloud-init[622]: ci-info: +-------+-------------+----------+-----------------+-----------+-------+
[   11.560274] cloud-init[622]: ci-info: +++++++++++++++++++Route IPv6 info+++++++++++++++++++
[   11.571110] cloud-init[622]: ci-info: +-------+-------------+---------+-----------+-------+
[   11.572426] cloud-init[622]: ci-info: | Route | Destination | Gateway | Interface | Flags |
[   11.573706] cloud-init[622]: ci-info: +-------+-------------+---------+-----------+-------+
[   11.574916] cloud-init[622]: ci-info: |   1   |  fe80::/64  |    ::   |   enp0s3  |   U   |
[   11.576286] cloud-init[622]: ci-info: |   3   |    local    |    ::   |   enp0s3  |   U   |
[   11.578332] cloud-init[622]: ci-info: |   4   |   ff00::/8  |    ::   |   enp0s3  |   U   |
[   11.587669] cloud-init[622]: ci-info: +-------+-------------+---------+-----------+-------+
[   12.350662] cloud-init[622]: Generating public/private rsa key pair.
[   12.361334] cloud-init[622]: Your identification has been saved in /etc/ssh/ssh_host_rsa_key.
[   12.366833] cloud-init[622]: Your public key has been saved in /etc/ssh/ssh_host_rsa_key.pub.
[   12.368056] cloud-init[622]: The key fingerprint is:
[   12.368925] cloud-init[622]: SHA256:L8hEm4bNi3u2finy05Hyy0GS6CkwJuJogOhNfk15sLo root@ubuntu-bionic
[   12.370122] cloud-init[622]: The key's randomart image is:
[   12.371829] cloud-init[622]: +---[RSA 2048]----+
[   12.384268] cloud-init[622]: |                 |
[   12.386129] cloud-init[622]: |                 |
[   12.387032] cloud-init[622]: |      ..         |
[   12.387903] cloud-init[622]: |o    * ++        |
[   12.388792] cloud-init[622]: |O. .o X+So       |
[   12.389650] cloud-init[622]: |Oo+. *==+.       |
[   12.390476] cloud-init[622]: |.+.o+o+=oo.      |
[   12.391322] cloud-init[622]: |.  .o.*.=o       |
[   12.392307] cloud-init[622]: |    .E+=o.       |
[   12.398370] cloud-init[622]: +----[SHA256]-----+
[[0;32m  OK  [0m] Started Initial cloud-init job (metadata service crawler).
[   12.407724] cloud-init[622]: Generating public/private dsa key pair.
[[0;32m  OK  [0m] Reached target Network is Online.
[   12.409832] cloud-init[622]: Your identification has been saved in /etc/ssh/ssh_host_dsa_key.
[   12.410972] cloud-init[622]: Your public key has been saved in /etc/ssh/ssh_host_dsa_key.pub.
         Starting Availability of block devices...
[[0;32m  OK  [0m] Reached target Remote File Systems (Pre).
[   12.434724] cloud-init[622]: The key fingerprint is:
[   12.437945] cloud-init[622]: SHA256:x/uFBB9n1q79uuLsTavSALXAbuEug1TQZF/NKXMaMAc root@ubuntu-bionic
[[0;32m  OK  [0m] Reached target Remote File Systems.
[[0;32m  OK  [0m] Reached target Cloud-config availability.
[   12.441113] cloud-init[622]: The key's randomart image is:
[[0;32m  OK  [0m] Reached target System Initialization.
[   12.442972] cloud-init[622]: +---[DSA 1024]----+
[   12.444040]          Starting LXD - unix socket.
[[0;32m  OK  [0m] Listening on Open-iSCSI iscsid Socket.
[[0;32m  OK  [0m] Started Daily apt download activities.
[[0;32m  OK  [0m] Started Daily apt upgrade and clean activities.
[[0;32m  OK  [0m] Listening on D-Bus System Message Bus Socket.
[[0;32m  OK  [0m] Listening on ACPID Listen Socket.
[[0;32m  OK  [0m] Started Message of the Day.
cloud-init[622]: |    .+o.Eooo .   |
[[   12.484848] cloud-init[622]: |     .o.++= =  . |
[   12.485747] cloud-init[622]: |     . o.+.B. + .|
[   12.486597] cloud-init[622]: |    .   =.oo = . |
[   12.487503] cloud-init[622]: |   . . oS.o o   .|
[   12.487558] cloud-init[622]: |    . o ...o . o |
[   12.487616] cloud-init[622]: |       o  .o. + .|
[   12.487668] cloud-init[622]: |          .oo+ ..|
[   12.487715] cloud-init[622]: |           +*o=o.|
[   12.487761] cloud-init[622]: +----[SHA256]-----+
[   12.487804] cloud-init[622]: Generating public/private ecdsa key pair.
[   12.487865] cloud-init[622]: Your identification has been saved in /etc/ssh/ssh_host_ecdsa_key.
[   12.487908] cloud-init[622]: Your public key has been saved in /etc/ssh/ssh_host_ecdsa_key.pub.
[   12.487956] cloud-init[622]: The key fingerprint is:
[   12.488002] cloud-init[622]: SHA256:gN7urCe4v8pwHzwWnxKC5ed3+952SOtZX67FclLpGPk root@ubuntu-bionic
[   12.488171] cloud-init[622]: The key's randomart image is:
[   12.488229] cloud-init[622]: +---[ECDSA 256]---+
[   12.488278] cloud-init[622]: |                 |
[   12.488321] cloud-init[622]: |     .           |
[   12.488371] cloud-init[622]: |  . . .          |
[   12.488418] cloud-init[622]: | + . . .      . .|
[   12.488460] cloud-init[622]: |. o = . S    o ..|
[   12.488506] cloud-init[622]: |   = = .    . =o |
[   12.488556] cloud-init[622]: |. ..B = .  . ++E=|
[   12.488599] cloud-init[622]: | +.o.B.. . .+o.B.|
[   12.488644] cloud-init[622]: |  ++==o .ooo+...o|
[   12.488688] cloud-init[622]: +----[SHA256]-----+
[   12.488730] cloud-init[622]: Generating public/private ed25519 key pair.
[   12.488773] cloud-init[622]: Your identification has been saved in /etc/ssh/ssh_host_ed25519_key.
[   12.488819] cloud-init[622]: Your public key has been saved in /etc/ssh/ssh_host_ed25519_key.pub.
[   12.488862] cloud-init[622]: The key fingerprint is:
[   12.488908] cloud-init[622]: SHA256:QXdkBPV1R5mUB18TBRMbMOHkCtWHz1aD2MV9XLluHjA root@ubuntu-bionic
[   12.488955] cloud-init[622]: The key's randomart image is:
[   12.489003] cloud-init[622]: +--[ED25519 256]--+
[   12.489050] cloud-init[622]: |        . +*&+@@^|
[   12.489097] cloud-init[622]: |       . o Bo=.&@|
[   12.489206] cloud-init[622]: |        o   o+o.*|
[   12.489249] cloud-init[622]: |         o . E+. |
[   12.489291] cloud-init[622]: |        S .  .+  |
[   12.489334] cloud-init[622]: |               + |
[   12.489385] cloud-init[622]: |              o .|
[   12.489431] cloud-init[622]: |               . |
[   12.489496] cloud-init[622]: |                 |
[   12.489545] cloud-init[622]: +----[SHA256]-----+
[0;32m  OK  [0m] Started ACPI Events Check.
[[0;32m  OK  [0m] Started Discard unused blocks once a week.
         Starting Socket activation for snappy daemon.
[[0;32m  OK  [0m] Started Daily Cleanup of Temporary Directories.
[[0;32m  OK  [0m] Reached target Timers.
[[0;32m  OK  [0m] Listening on UUID daemon activation socket.
[[0;32m  OK  [0m] Reached target Paths.
[[0;32m  OK  [0m] Started Availability of block devices.
[[0;32m  OK  [0m] Listening on LXD - unix socket.
[[0;32m  OK  [0m] Listening on Socket activation for snappy daemon.
[[0;32m  OK  [0m] Reached target Sockets.
[[0;32m  OK  [0m] Reached target Basic System.
[[0;32m  OK  [0m] Started Deferred execution scheduler.
         Starting Permit User Sessions...
[[0;32m  OK  [0m] Started Regular background program processing daemon.
         Starting System Logging Service...
         Starting LSB: Record successful boot for GRUB...
         Starting Login Service...
[[0;32m  OK  [0m] Started FUSE filesystem for LXC.
         Starting LXD - container startup/shutdown...
         Starting Accounts Service...
         Starting Pollinate to seed the pseudo random number generator...
[[0;32m  OK  [0m] Started D-Bus System Message Bus.
[[0;32m  OK  [0m] Started Login Service.
[[0;32m  OK  [0m] Started Unattended Upgrades Shutdown.
         Starting LSB: automatic crash report generation...
         Starting Dispatcher daemon for systemd-networkd...
         Starting Virtualbox guest utils...
         Starting Snappy daemon...
[[0;32m  OK  [0m] Started irqbalance daemon.
[[0;32m  OK  [0m] Started System Logging Service.
[[0;32m  OK  [0m] Started Permit User Sessions.
[[0;32m  OK  [0m] Started LXD - container startup/shutdown.
         Starting Authorization Manager...
         Starting Hold until boot process finishes up...
         Starting Terminate Plymouth Boot Screen...
[[0;32m  OK  [0m] Started Hold until boot process finishes up.
         Starting Set console scheme...
[[0;32m  OK  [0m] Started Serial Getty on ttyS0.
[[0;32m  OK  [0m] Started Terminate Plymouth Boot Screen.
[[0;32m  OK  [0m] Started LSB: automatic crash report generation.
[[0;32m  OK  [0m] Started Dispatcher daemon for systemd-networkd.
[[0;32m  OK  [0m] Started Set console scheme.
[[0;32m  OK  [0m] Created slice system-getty.slice.
[[0;32m  OK  [0m] Started Getty on tty1.
[[0;32m  OK  [0m] Reached target Login Prompts.
[[0;32m  OK  [0m] Started Virtualbox guest utils.
[[0;32m  OK  [0m] Started LSB: Record successful boot for GRUB.
[[0;32m  OK  [0m] Started Authorization Manager.
[[0;32m  OK  [0m] Started Accounts Service.
[[0;32m  OK  [0m] Started Snappy daemon.
         Starting Wait until snapd is fully seeded...
[[0;32m  OK  [0m] Started Pollinate to seed the pseudo random number generator.
         Starting OpenBSD Secure Shell server...
[[0;32m  OK  [0m] Started OpenBSD Secure Shell server.
[[0;32m  OK  [0m] Created slice User Slice of vagrant.
         Starting User Manager for UID 1000...
[[0;32m  OK  [0m] Started Session 1 of user vagrant.
[[0;32m  OK  [0m] Started User Manager for UID 1000.
[[0;32m  OK  [0m] Started Wait until snapd is fully seeded.
         Starting Apply the settings specified in cloud-config...
[[0;32m  OK  [0m] Reached target Multi-User System.
[[0;32m  OK  [0m] Reached target Graphical Interface.
         Starting Update UTMP about System Runlevel Changes...
[[0;32m  OK  [0m] Started Update UTMP about System Runlevel Changes.
[   15.197081] cloud-init[1222]: Cloud-init v. 18.4-0ubuntu1~18.04.1 running 'modules:config' at Thu, 07 Feb 2019 15:35:22 +0000. Up 14.74 seconds.
[[0;32m  OK  [0m] Started Apply the settings specified in cloud-config.
         Starting Execute cloud user/final scripts...
ci-info: no authorized ssh keys fingerprints found for user ubuntu.
<14>Feb  7 15:35:23 ec2: 
<14>Feb  7 15:35:23 ec2: #############################################################
<14>Feb  7 15:35:23 ec2: -----BEGIN SSH HOST KEY FINGERPRINTS-----
<14>Feb  7 15:35:23 ec2: 1024 SHA256:x/uFBB9n1q79uuLsTavSALXAbuEug1TQZF/NKXMaMAc root@ubuntu-bionic (DSA)
<14>Feb  7 15:35:23 ec2: 256 SHA256:gN7urCe4v8pwHzwWnxKC5ed3+952SOtZX67FclLpGPk root@ubuntu-bionic (ECDSA)
<14>Feb  7 15:35:23 ec2: 256 SHA256:QXdkBPV1R5mUB18TBRMbMOHkCtWHz1aD2MV9XLluHjA root@ubuntu-bionic (ED25519)
<14>Feb  7 15:35:23 ec2: 2048 SHA256:L8hEm4bNi3u2finy05Hyy0GS6CkwJuJogOhNfk15sLo root@ubuntu-bionic (RSA)
<14>Feb  7 15:35:23 ec2: -----END SSH HOST KEY FINGERPRINTS-----
<14>Feb  7 15:35:23 ec2: #############################################################
-----BEGIN SSH HOST KEY KEYS-----
ecdsa-sha2-nistp256 AAAAE2VjZHNhLXNoYTItbmlzdHAyNTYAAAAIbmlzdHAyNTYAAABBBHC/VxDwrYPKK33pvUDnz76tLi4nP66fUBPsw4AoVw9QBaUwO+YO1eRHcEgsnoiTtpdJZHGRuYnmxd9Q1V6f1bc= root@ubuntu-bionic
ssh-ed25519 AAAAC3NzaC1lZDI1NTE5AAAAIMRXZI2ZeUdkgwIDSJMebamPGVJNcaJVafmIenTG/BmC root@ubuntu-bionic
ssh-rsa AAAAB3NzaC1yc2EAAAADAQABAAABAQDpWe4SAt2iDB1JZqLjJ7N11cDzqiTgqlp3TdWEwPc/s6Kz4i0vFcqvCqZpEnJ1xAxBiL5rV+PMkXPDR+mZzEtw+a2jSYYIjD25SAdGppDIZ6jU3Srb8d90snUDc0csAF96Ise41d4V38a/KKt45GWyBmgFrTkUDErMZjBSAmj61rT59b32sPubi3naMC/iToAr9nrtLF9qgscHydMkjfN6XEQ4kewoGqv36hi7He5HYXlS+gzf5WPmPUH1L9ppFX8Xs1pLI8ry7enH1loPQQuwCzeTeo7w9HrAiNjD+xDYLH7UvlU9uPzt/m7OEakvXcK36UHakqzRmofoAXqopMP7 root@ubuntu-bionic
-----END SSH HOST KEY KEYS-----
[   15.840234] cloud-init[1326]: Cloud-init v. 18.4-0ubuntu1~18.04.1 running 'modules:final' at Thu, 07 Feb 2019 15:35:23 +0000. Up 15.60 seconds.
[   15.862642] cloud-init[1326]: ci-info: no authorized ssh keys fingerprints found for user ubuntu.
[   15.863677] cloud-init[1326]: Cloud-init v. 18.4-0ubuntu1~18.04.1 finished at Thu, 07 Feb 2019 15:35:23 +0000. Datasource DataSourceNoCloud [seed=/dev/sdb][dsmode=net].  Up 15.83 seconds
[[0;32m  OK  [0m] Started Execute cloud user/final scripts.
[[0;32m  OK  [0m] Reached target Cloud-init target.

Ubuntu 18.04.1 LTS ubuntu-bionic ttyS0

ubuntu-bionic login: 